fake device failure log # a dummy object to upload
